[2026-07-13T14:52:04.380Z] ✅ No new data (less than 10 records). Skipping retraining.
[2026-07-13T14:52:40.881Z] ✅ No new data (less than 10 records). Skipping retraining.
[2026-07-13T14:54:07.222Z] ✅ No new data (less than 10 records). Skipping retraining.
[2026-07-13T14:58:08.365Z] ✅ No new data (less than 10 records). Skipping retraining.
[2026-07-13T14:58:38.758Z] ✅ No new data (less than 10 records). Skipping retraining.
[2026-07-13T15:04:05.557Z] ✅ No new data (less than 10 records). Skipping retraining.
[2026-07-13T15:04:35.486Z] ✅ No new data (less than 10 records). Skipping retraining.
[2026-07-13T15:30:05.814Z] 📊 New data detected (10+ new records). Starting retraining...
[2026-07-13T15:30:05.912Z] ✅ Retraining completed successfully!
[2026-07-13T15:30:05.913Z]    📊 Records: 27
[2026-07-13T15:30:05.914Z]    📈 Best K: 1
[2026-07-13T15:30:05.915Z]    🎯 Accuracy: 83.33%
[2026-07-13T15:31:17.075Z] ✅ No new data (less than 10 records). Skipping retraining.
[2026-07-13T15:31:46.714Z] ✅ No new data (less than 10 records). Skipping retraining.
[2026-07-13T15:32:49.880Z] ✅ No new data (less than 10 records). Skipping retraining.
[2026-07-13T15:33:26.427Z] 📊 New data detected (10+ new records). Starting retraining...
[2026-07-13T15:33:26.491Z] ✅ Retraining completed successfully!
[2026-07-13T15:33:26.491Z]    📊 Records: 37
[2026-07-13T15:33:26.492Z]    📈 Best K: 1
[2026-07-13T15:33:26.493Z]    🎯 Accuracy: 50.00%
[2026-07-14T10:15:22.519Z] ✅ No new data (less than 10 records). Skipping retraining.
[2026-07-14T10:15:31.842Z] ✅ No new data (less than 10 records). Skipping retraining.
[2026-07-14T10:15:57.796Z] ✅ No new data (less than 10 records). Skipping retraining.
[2026-07-20T15:20:29.557Z] ✅ No new data (less than 10 records). Skipping retraining.
[2026-07-21T20:59:23.764Z] ✅ No new data (less than 10 records). Skipping retraining.
[2026-07-29T08:01:00.937Z] ✅ No new data (less than 10 records). Skipping retraining.
[2026-07-29T08:03:31.715Z] ✅ No new data (less than 10 records). Skipping retraining.
[2026-07-29T08:09:55.547Z] ✅ No new data (less than 10 records). Skipping retraining.
[2026-07-29T08:11:57.041Z] ✅ No new data (less than 10 records). Skipping retraining.
[2026-07-29T08:12:44.062Z] ✅ No new data (less than 10 records). Skipping retraining.
[2026-07-29T08:13:45.129Z] ✅ No new data (less than 10 records). Skipping retraining.
[2026-07-29T08:14:01.258Z] ✅ No new data (less than 10 records). Skipping retraining.
[2026-07-29T08:14:02.188Z] ✅ No new data (less than 10 records). Skipping retraining.
[2026-07-29T08:15:02.785Z] ✅ No new data (less than 10 records). Skipping retraining.
[2026-07-29T08:15:45.177Z] ✅ No new data (less than 10 records). Skipping retraining.
[2026-07-29T08:16:15.855Z] ✅ No new data (less than 10 records). Skipping retraining.
[2026-07-29T08:17:10.130Z] ✅ No new data (less than 10 records). Skipping retraining.
[2026-07-29T08:17:11.074Z] ✅ No new data (less than 10 records). Skipping retraining.
[2026-07-29T08:17:49.914Z] ✅ No new data (less than 10 records). Skipping retraining.
[2026-07-29T08:18:14.683Z] ✅ No new data (less than 10 records). Skipping retraining.
